
  .   ____          _            __ _ _
 /\\ / ___'_ __ _ _(_)_ __  __ _ \ \ \ \
( ( )\___ | '_ | '_| | '_ \/ _` | \ \ \ \
 \\/  ___)| |_)| | | | | || (_| |  ) ) ) )
  '  |____| .__|_| |_|_| |_\__, | / / / /
 =========|_|==============|___/=/_/_/_/

 :: Spring Boot ::                (v3.5.6)

2025-10-16T23:50:23.164+05:30  INFO 85658 --- [backend] [           main] com.onepagebuilder.BackendApplication    : Starting BackendApplication v0.0.1-SNAPSHOT using Java 21.0.4 with PID 85658 (/Users/pasi/Desktop/onepagebuilder/backend/target/backend-0.0.1-SNAPSHOT.jar started by pasi in /Users/pasi/Desktop/onepagebuilder/backend)
2025-10-16T23:50:23.165+05:30  INFO 85658 --- [backend] [           main] com.onepagebuilder.BackendApplication    : No active profile set, falling back to 1 default profile: "default"
2025-10-16T23:50:23.507+05:30  INFO 85658 --- [backend] [           main] .s.d.r.c.RepositoryConfigurationDelegate : Bootstrapping Spring Data JPA repositories in DEFAULT mode.
2025-10-16T23:50:23.532+05:30  INFO 85658 --- [backend] [           main] .s.d.r.c.RepositoryConfigurationDelegate : Finished Spring Data repository scanning in 21 ms. Found 2 JPA repository interfaces.
2025-10-16T23:50:23.793+05:30  INFO 85658 --- [backend] [           main] o.s.b.w.embedded.tomcat.TomcatWebServer  : Tomcat initialized with port 8080 (http)
2025-10-16T23:50:23.801+05:30  INFO 85658 --- [backend] [           main] o.apache.catalina.core.StandardService   : Starting service [Tomcat]
2025-10-16T23:50:23.801+05:30  INFO 85658 --- [backend] [           main] o.apache.catalina.core.StandardEngine    : Starting Servlet engine: [Apache Tomcat/10.1.46]
2025-10-16T23:50:23.816+05:30  INFO 85658 --- [backend] [           main] o.a.c.c.C.[Tomcat].[localhost].[/]       : Initializing Spring embedded WebApplicationContext
2025-10-16T23:50:23.816+05:30  INFO 85658 --- [backend] [           main] w.s.c.ServletWebServerApplicationContext : Root WebApplicationContext: initialization completed in 631 ms
2025-10-16T23:50:23.908+05:30  INFO 85658 --- [backend] [           main] o.hibernate.jpa.internal.util.LogHelper  : HHH000204: Processing PersistenceUnitInfo [name: default]
2025-10-16T23:50:23.932+05:30  INFO 85658 --- [backend] [           main] org.hibernate.Version                    : HHH000412: Hibernate ORM core version 6.6.29.Final
2025-10-16T23:50:23.945+05:30  INFO 85658 --- [backend] [           main] o.h.c.internal.RegionFactoryInitiator    : HHH000026: Second-level cache disabled
2025-10-16T23:50:23.987+05:30  INFO 85658 --- [backend] [           main] com.zaxxer.hikari.HikariDataSource       : HikariPool-1 - Starting...
2025-10-16T23:50:24.665+05:30  INFO 85658 --- [backend] [           main] com.zaxxer.hikari.pool.HikariPool        : HikariPool-1 - Added connection org.postgresql.jdbc.PgConnection@1a0d313
2025-10-16T23:50:24.666+05:30  INFO 85658 --- [backend] [           main] com.zaxxer.hikari.HikariDataSource       : HikariPool-1 - Start completed.
2025-10-16T23:50:24.731+05:30  WARN 85658 --- [backend] [           main] org.hibernate.orm.deprecation            : HHH90000025: PostgreSQLDialect does not need to be specified explicitly using 'hibernate.dialect' (remove the property setting and it will be selected by default)
2025-10-16T23:50:24.862+05:30  INFO 85658 --- [backend] [           main] org.hibernate.orm.connections.pooling    : HHH10001005: Database info:
	Database JDBC URL [Connecting through datasource 'HikariDataSource (HikariPool-1)']
	Database driver: undefined/unknown
	Database version: 17.6
	Autocommit mode: undefined/unknown
	Isolation level: undefined/unknown
	Minimum pool size: undefined/unknown
	Maximum pool size: undefined/unknown
2025-10-16T23:50:24.950+05:30  INFO 85658 --- [backend] [           main] o.s.o.j.p.SpringPersistenceUnitInfo      : No LoadTimeWeaver setup: ignoring JPA class transformer
2025-10-16T23:50:25.293+05:30  INFO 85658 --- [backend] [           main] o.h.e.t.j.p.i.JtaPlatformInitiator       : HHH000489: No JTA platform available (set 'hibernate.transaction.jta.platform' to enable JTA platform integration)
2025-10-16T23:50:25.524+05:30  INFO 85658 --- [backend] [           main] j.LocalContainerEntityManagerFactoryBean : Initialized JPA EntityManagerFactory for persistence unit 'default'
2025-10-16T23:50:26.027+05:30  WARN 85658 --- [backend] [           main] JpaBaseConfiguration$JpaWebConfiguration : spring.jpa.open-in-view is enabled by default. Therefore, database queries may be performed during view rendering. Explicitly configure spring.jpa.open-in-view to disable this warning
2025-10-16T23:50:26.091+05:30  WARN 85658 --- [backend] [           main] .s.s.UserDetailsServiceAutoConfiguration : 

Using generated security password: 130bc9f1-e37b-4a36-bb7e-8a9b80bc2165

This generated password is for development use only. Your security configuration must be updated before running your application in production.

2025-10-16T23:50:26.095+05:30  INFO 85658 --- [backend] [           main] r$InitializeUserDetailsManagerConfigurer : Global AuthenticationManager configured with UserDetailsService bean with name inMemoryUserDetailsManager
2025-10-16T23:50:26.188+05:30  WARN 85658 --- [backend] [           main] ion$DefaultTemplateResolverConfiguration : Cannot find template location: classpath:/templates/ (please add some templates, check your Thymeleaf configuration, or set spring.thymeleaf.check-template-location=false)
2025-10-16T23:50:26.245+05:30  INFO 85658 --- [backend] [           main] o.s.b.w.embedded.tomcat.TomcatWebServer  : Tomcat started on port 8080 (http) with context path '/'
2025-10-16T23:50:26.250+05:30  INFO 85658 --- [backend] [           main] com.onepagebuilder.BackendApplication    : Started BackendApplication in 3.293 seconds (process running for 3.58)
2025-10-16T23:51:52.956+05:30  INFO 85658 --- [backend] [nio-8080-exec-1] o.a.c.c.C.[Tomcat].[localhost].[/]       : Initializing Spring DispatcherServlet 'dispatcherServlet'
2025-10-16T23:51:52.957+05:30  INFO 85658 --- [backend] [nio-8080-exec-1] o.s.web.servlet.DispatcherServlet        : Initializing Servlet 'dispatcherServlet'
2025-10-16T23:51:52.962+05:30  INFO 85658 --- [backend] [nio-8080-exec-1] o.s.web.servlet.DispatcherServlet        : Completed initialization in 5 ms
2025-10-17T00:05:39.517+05:30  INFO 85658 --- [backend] [ionShutdownHook] o.s.b.w.e.tomcat.GracefulShutdown        : Commencing graceful shutdown. Waiting for active requests to complete
2025-10-17T00:05:39.531+05:30  INFO 85658 --- [backend] [tomcat-shutdown] o.s.b.w.e.tomcat.GracefulShutdown        : Graceful shutdown complete
2025-10-17T00:05:39.538+05:30  INFO 85658 --- [backend] [ionShutdownHook] j.LocalContainerEntityManagerFactoryBean : Closing JPA EntityManagerFactory for persistence unit 'default'
2025-10-17T00:05:39.541+05:30  INFO 85658 --- [backend] [ionShutdownHook] com.zaxxer.hikari.HikariDataSource       : HikariPool-1 - Shutdown initiated...
2025-10-17T00:05:39.630+05:30  INFO 85658 --- [backend] [ionShutdownHook] com.zaxxer.hikari.HikariDataSource       : HikariPool-1 - Shutdown completed.
